Starting live report: lookback=7 day(s), history_pages=0, order_book_depth=100
[1/23] cookedFish: syncing market data
cookedFish: reached stored high-water mark on page 2
[1/23] cookedFish: 2 page(s), 151 new transaction(s)
[2/23] heavyAmmo: syncing market data
heavyAmmo: reached stored high-water mark on page 1
[2/23] heavyAmmo: 1 page(s), 2 new transaction(s)
[3/23] steel: syncing market data
steel: reached stored high-water mark on page 2
[3/23] steel: 2 page(s), 126 new transaction(s)
[4/23] bread: syncing market data
bread: reached stored high-water mark on page 2
[4/23] bread: 2 page(s), 137 new transaction(s)
[5/23] grain: syncing market data
grain: reached stored high-water mark on page 1
[5/23] grain: 1 page(s), 8 new transaction(s)
[6/23] limestone: syncing market data
limestone: reached stored high-water mark on page 1
[6/23] limestone: 1 page(s), 65 new transaction(s)
[7/23] coca: syncing market data
coca: reached stored high-water mark on page 1
[7/23] coca: 1 page(s), 3 new transaction(s)
[8/23] concrete: syncing market data
concrete: reached stored high-water mark on page 1
[8/23] concrete: 1 page(s), 64 new transaction(s)
[9/23] oil: syncing market data
oil: reached stored high-water mark on page 1
[9/23] oil: 1 page(s), 19 new transaction(s)
[10/23] case1: syncing market data
case1: reached stored high-water mark on page 1
[10/23] case1: 1 page(s), 78 new transaction(s)
[11/23] lightAmmo: syncing market data
lightAmmo: reached stored high-water mark on page 1
[11/23] lightAmmo: 1 page(s), 47 new transaction(s)
[12/23] steak: syncing market data
steak: reached stored high-water mark on page 2
[12/23] steak: 2 page(s), 130 new transaction(s)
[13/23] livestock: syncing market data
livestock: reached stored high-water mark on page 1
[13/23] livestock: 1 page(s), 13 new transaction(s)
[14/23] cocain: syncing market data
cocain: reached stored high-water mark on page 1
[14/23] cocain: 1 page(s), 12 new transaction(s)
[15/23] lead: syncing market data
lead: reached stored high-water mark on page 1
[15/23] lead: 1 page(s), 17 new transaction(s)
[16/23] fish: syncing market data
fish: reached stored high-water mark on page 1
[16/23] fish: 1 page(s), 11 new transaction(s)
[17/23] petroleum: syncing market data
petroleum: reached stored high-water mark on page 1
[17/23] petroleum: 1 page(s), 11 new transaction(s)
[18/23] ammo: syncing market data
ammo: reached stored high-water mark on page 1
[18/23] ammo: 1 page(s), 22 new transaction(s)
[19/23] iron: syncing market data
iron: reached stored high-water mark on page 1
[19/23] iron: 1 page(s), 78 new transaction(s)
[20/23] scraps: syncing market data
scraps: reached stored high-water mark on page 1
[20/23] scraps: 1 page(s), 57 new transaction(s)
[21/23] case2: syncing market data
case2: reached stored high-water mark on page 1
[21/23] case2: 1 page(s), 4 new transaction(s)
[22/23] wood: syncing market data
wood: reached stored high-water mark on page 1
[22/23] wood: 1 page(s), 5 new transaction(s)
[23/23] paper: syncing market data
paper: reached stored high-water mark on page 1
[23/23] paper: 1 page(s), 17 new transaction(s)
Synced 23 price(s), 23 order book(s), 27 transaction page(s), 1077 new transaction(s), 1623 duplicate transaction(s) to data/warera_market.sqlite3.
Calculated metrics for 23 goods.
Wrote highlighted chart to output/charts/largest-discount-price-action.png
Wrote highlighted chart to output/charts/largest-premium-price-action.png
Wrote all-item chart to output/charts/all/steak-price-action.png
Wrote all-item chart to output/charts/all/cookedfish-price-action.png
Wrote all-item chart to output/charts/all/case1-price-action.png
Wrote all-item chart to output/charts/all/cocain-price-action.png
Wrote all-item chart to output/charts/all/case2-price-action.png
Wrote all-item chart to output/charts/all/fish-price-action.png
Wrote all-item chart to output/charts/all/heavyammo-price-action.png
Wrote all-item chart to output/charts/all/livestock-price-action.png
Wrote all-item chart to output/charts/all/ammo-price-action.png
Wrote all-item chart to output/charts/all/bread-price-action.png
Wrote all-item chart to output/charts/all/coca-price-action.png
Wrote all-item chart to output/charts/all/concrete-price-action.png
Wrote all-item chart to output/charts/all/grain-price-action.png
Wrote all-item chart to output/charts/all/iron-price-action.png
Wrote all-item chart to output/charts/all/lead-price-action.png
Wrote all-item chart to output/charts/all/lightammo-price-action.png
Wrote all-item chart to output/charts/all/limestone-price-action.png
Wrote all-item chart to output/charts/all/oil-price-action.png
Wrote all-item chart to output/charts/all/paper-price-action.png
Wrote all-item chart to output/charts/all/petroleum-price-action.png
Wrote all-item chart to output/charts/all/scraps-price-action.png
Wrote all-item chart to output/charts/all/steel-price-action.png
Wrote all-item chart to output/charts/all/wood-price-action.png
Wrote 23 all-item price-action chart(s).
Wrote output/market_trends.csv
Wrote output/market_report.html
Wrote output/sections/report-header.png
Wrote output/cards/steak-price-context.png
Wrote output/cards/cookedfish-price-context.png
Wrote output/cards/case1-price-context.png
Wrote output/cards/cocain-price-context.png
Wrote output/cards/case2-price-context.png
Wrote output/cards/fish-price-context.png
Wrote output/cards/heavyammo-price-context.png
Wrote output/cards/livestock-price-context.png
Wrote output/cards/ammo-price-context.png
Wrote output/cards/bread-price-context.png
Wrote output/cards/coca-price-context.png
Wrote output/cards/concrete-price-context.png
Wrote output/cards/grain-price-context.png
Wrote output/cards/iron-price-context.png
Wrote output/cards/lead-price-context.png
Wrote output/cards/lightammo-price-context.png
Wrote output/cards/limestone-price-context.png
Wrote output/cards/oil-price-context.png
Wrote output/cards/paper-price-context.png
Wrote output/cards/petroleum-price-context.png
Wrote output/cards/scraps-price-context.png
Wrote output/cards/steel-price-context.png
Wrote output/cards/wood-price-context.png
Wrote output/tables/01-fair-value-and-buy-sell-signals.png
Wrote output/tables/02-current-order-book.png
Wrote output/tables/03-completed-market-activity.png
Wrote output/tables/04-market-trends.png
